Control Cases
header:0
%%	Some	text	long header
%	some	other	long text header
12138	3791	1290810	\N
1	2	3	\N
header:0, skip:'nothing'
%%	Some	text	long header
%	some	other	long text header
12138	3791	1290810	\N
1	2	3	\N
header:1
%	some	other	long text header
12138	3791	1290810	\N
1	2	3	\N
header:1, skip:'nothing'
%	some	other	long text header
12138	3791	1290810	\N
1	2	3	\N
header:2
12138	3791	1290810	\N
1	2	3	\N
header:2, skip:'nothing'
12138	3791	1290810	\N
1	2	3	\N
header:3
1	2	3	\N
header:3, skip:'nothing'
1	2	3	\N
Test Cases
header:0, skip:'errors'
12138	3791	1290810	\N
1	2	3	\N
header:0, skip:'non-errors'
%%	Some	text	long header
%	some	other	long text header
header:1, skip:'errors'
12138	3791	1290810	\N
1	2	3	\N
header:1, skip:'non-errors'
%	some	other	long text header
header:2, skip:'errors'
12138	3791	1290810	\N
1	2	3	\N
header:2, skip:'non-errors'
header:3, skip:'errors'
1	2	3	\N
header:3, skip:'non-errors'
